- Load subgraph from subgraph.yaml
âœ– Failed to load subgraph from subgraph.yaml: Error in schema.graphql:

  _Schema_:
  - @fulltext include field 'name' must be a string
